Analyzing tournament_clock...                                   

   info - Unnecessary use of multiple underscores. Try using '_' - lib\core\widgets\desktop_app_shell.dart:197:29 - unnecessary_underscores
   info - Unnecessary use of multiple underscores. Try using '_' - lib\core\widgets\desktop_app_shell.dart:197:33 - unnecessary_underscores
   info - Unnecessary use of multiple underscores. Try using '_' - lib\features\achievements\domain\providers\achievement_provider.dart:11:56 - unnecessary_underscores
   info - Unnecessary use of multiple underscores. Try using '_' - lib\features\achievements\domain\providers\achievement_provider.dart:12:41 - unnecessary_underscores
warning - The value of 'refresh' should be used. Try using the result by invoking a member, passing it to a function, or returning it from this function - lib\features\achievements\presentation\screens\admin_achievements_screen.dart:40:23 - unused_result
   info - Unnecessary use of multiple underscores. Try using '_' - lib\features\achievements\presentation\screens\admin_achievements_screen.dart:50:39 - unnecessary_underscores
   info - Don't use 'BuildContext's across async gaps. Try rewriting the code to not use the 'BuildContext', or guard the use with a 'mounted' check - lib\features\achievements\presentation\screens\admin_achievements_screen.dart:70:46 - use_build_context_synchronously
   info - Don't use 'BuildContext's across async gaps. Try rewriting the code to not use the 'BuildContext', or guard the use with a 'mounted' check - lib\features\achievements\presentation\screens\admin_achievements_screen.dart:72:46 - use_build_context_synchronously
warning - The value of 'refresh' should be used. Try using the result by invoking a member, passing it to a function, or returning it from this function - lib\features\achievements\presentation\screens\admin_achievements_screen.dart:74:27 - unused_result
warning - The value of 'refresh' should be used. Try using the result by invoking a member, passing it to a function, or returning it from this function - lib\features\achievements\presentation\screens\admin_achievements_screen.dart:81:27 - unused_result
   info - Unnecessary use of multiple underscores. Try using '_' - lib\features\achievements\presentation\widgets\achievement_admin_card.dart:172:27 - unnecessary_underscores
   info - Unnecessary use of multiple underscores. Try using '_' - lib\features\achievements\presentation\widgets\achievement_admin_card.dart:172:31 - unnecessary_underscores
   info - Unnecessary use of multiple underscores. Try using '_' - lib\features\achievements\presentation\widgets\achievement_admin_card.dart:179:25 - unnecessary_underscores
   info - Unnecessary use of multiple underscores. Try using '_' - lib\features\achievements\presentation\widgets\achievement_admin_card.dart:179:29 - unnecessary_underscores
   info - Don't use 'BuildContext's across async gaps. Try rewriting the code to not use the 'BuildContext', or guard the use with a 'mounted' check - lib\features\achievements\presentation\widgets\achievement_form_dialog.dart:158:30 - use_build_context_synchronously
   info - Don't use 'BuildContext's across async gaps. Try rewriting the code to not use the 'BuildContext', or guard the use with a 'mounted' check - lib\features\achievements\presentation\widgets\achievement_form_dialog.dart:168:30 - use_build_context_synchronously
   info - Don't use 'BuildContext's across async gaps. Try rewriting the code to not use the 'BuildContext', or guard the use with a 'mounted' check - lib\features\achievements\presentation\widgets\achievement_form_dialog.dart:171:28 - use_build_context_synchronously
   info - Don't use 'BuildContext's across async gaps. Try rewriting the code to not use the 'BuildContext', or guard the use with a 'mounted' check - lib\features\achievements\presentation\widgets\achievement_form_dialog.dart:175:19 - use_build_context_synchronously
warning - The value of the field '_apiService' isn't used. Try removing the field, or using it - lib\features\auth\data\datasources\auth_remote_data_source.dart:34:20 - unused_field
  error - Invalid constant value - lib\features\auth\data\datasources\auth_remote_data_source.dart:47:34 - invalid_constant
   info - Don't use 'BuildContext's across async gaps. Try rewriting the code to not use the 'BuildContext', or guard the use with a 'mounted' check - lib\features\dashboard\presentation\screens\admin_settings_screen.dart:157:30 - use_build_context_synchronously
   info - Don't use 'BuildContext's across async gaps. Try rewriting the code to not use the 'BuildContext', or guard the use with a 'mounted' check - lib\features\dashboard\presentation\screens\admin_settings_screen.dart:161:30 - use_build_context_synchronously
   info - Don't use 'BuildContext's across async gaps. Try rewriting the code to not use the 'BuildContext', or guard the use with a 'mounted' check - lib\features\news\presentation\screens\admin_news_screen.dart:81:28 - use_build_context_synchronously
   info - Don't use 'BuildContext's across async gaps. Try rewriting the code to not use the 'BuildContext', or guard the use with a 'mounted' check - lib\features\news\presentation\screens\admin_news_screen.dart:85:28 - use_build_context_synchronously
   info - Unnecessary use of multiple underscores. Try using '_' - lib\features\news\presentation\screens\admin_news_screen.dart:114:37 - unnecessary_underscores
   info - Unnecessary use of multiple underscores. Try using '_' - lib\features\news\presentation\screens\admin_news_screen.dart:127:49 - unnecessary_underscores
   info - Unnecessary use of multiple underscores. Try using '_' - lib\features\news\presentation\screens\admin_news_screen.dart:127:53 - unnecessary_underscores
   info - Don't use 'BuildContext's across async gaps. Try rewriting the code to not use the 'BuildContext', or guard the use with a 'mounted' check - lib\features\news\presentation\screens\admin_news_screen.dart:150:46 - use_build_context_synchronously
   info - Don't use 'BuildContext's across async gaps. Try rewriting the code to not use the 'BuildContext', or guard the use with a 'mounted' check - lib\features\news\presentation\screens\admin_news_screen.dart:153:46 - use_build_context_synchronously
   info - Unnecessary use of multiple underscores. Try using '_' - lib\features\news\presentation\widgets\posts_feed.dart:54:29 - unnecessary_underscores
   info - Unnecessary use of multiple underscores. Try using '_' - lib\features\news\presentation\widgets\posts_feed.dart:70:39 - unnecessary_underscores
   info - Unnecessary use of multiple underscores. Try using '_' - lib\features\news\presentation\widgets\posts_feed.dart:70:43 - unnecessary_underscores
   info - Don't invoke 'print' in production code. Try using a logging framework - lib\features\player\domain\providers\notifications_provider.dart:43:5 - avoid_print
   info - Unnecessary use of multiple underscores. Try using '_' - lib\features\player\presentation\pages\notifications_page.dart:72:24 - unnecessary_underscores
   info - Unnecessary use of multiple underscores. Try using '_' - lib\features\player\presentation\widgets\achievement_card.dart:77:45 - unnecessary_underscores
   info - Unnecessary use of multiple underscores. Try using '_' - lib\features\player\presentation\widgets\achievement_card.dart:77:49 - unnecessary_underscores
   info - Unnecessary use of string interpolation. Try replacing the string literal with the variable name - lib\features\player\presentation\widgets\stats_overview.dart:65:28 - unnecessary_string_interpolations
warning - A value for optional parameter 'key' isn't ever given. Try removing the unused parameter - lib\features\players\presentation\screens\admin_players_screen.dart:50:50 - unused_element_parameter
   info - Don't use 'BuildContext's across async gaps. Try rewriting the code to not use the 'BuildContext', or guard the use with a 'mounted' check - lib\features\players\presentation\screens\admin_players_screen.dart:87:36 - use_build_context_synchronously
   info - Don't use 'BuildContext's across async gaps. Try rewriting the code to not use the 'BuildContext', or guard the use with a 'mounted' check - lib\features\players\presentation\screens\admin_players_screen.dart:92:36 - use_build_context_synchronously
   info - Don't use 'BuildContext's across async gaps. Try rewriting the code to not use the 'BuildContext', or guard the use with a 'mounted' check - lib\features\players\presentation\screens\admin_players_screen.dart:94:36 - use_build_context_synchronously
   info - Unnecessary use of multiple underscores. Try using '_' - lib\features\players\presentation\widgets\admin_player_profile_dialog.dart:57:119 - unnecessary_underscores
   info - Unnecessary use of multiple underscores. Try using '_' - lib\features\players\presentation\widgets\admin_player_profile_dialog.dart:57:123 - unnecessary_underscores
   info - Don't invoke 'print' in production code. Try using a logging framework - lib\features\tournament_clock\domain\providers\tournament_clock_provider.dart:56:7 - avoid_print
warning - The value of the field '_apiService' isn't used. Try removing the field, or using it - lib\features\user\data\datasources\user_remote_data_source.dart:15:20 - unused_field
  error - Invalid constant value - lib\features\user\data\datasources\user_remote_data_source.dart:25:34 - invalid_constant

